// Jest Snapshot v1, https://goo.gl/fbAQLP

exports[`snapshots navbar snapshot 1`] = `
<ContextConsumer>
  <Component />
</ContextConsumer>
`;
